
> sporthub-frontend@1.0.0 build
> vite build

[36mvite v5.4.21 [32mbuilding for production...[36m[39m
transforming...
[32m✓[39m 28 modules transformed.
[31mx[39m Build failed in 2.04s
[31merror during build:
[31m[vite:esbuild] Transform failed with 3 errors:
F:/Code/Work/HubSportWeb/frontend/src/pages/CheckoutPage.jsx:242:8: ERROR: The symbol "shippingFee" has already been declared
F:/Code/Work/HubSportWeb/frontend/src/pages/CheckoutPage.jsx:249:8: ERROR: The symbol "tax" has already been declared
F:/Code/Work/HubSportWeb/frontend/src/pages/CheckoutPage.jsx:250:8: ERROR: The symbol "finalTotal" has already been declared[31m
file: [36mF:/Code/Work/HubSportWeb/frontend/src/pages/CheckoutPage.jsx:242:8[31m
[33m
[33mThe symbol "shippingFee" has already been declared[33m
240|    };
241|  
242|    const shippingFee = 50000;
   |          ^
243|    const discount = calculateDiscount();
244|    const subtotalBeforeTax =

[33mThe symbol "tax" has already been declared[33m
247|      (appliedCoupon?.type === "shipping" ? 0 : shippingFee) -
248|      discount;
249|    const tax = Math.round(subtotalBeforeTax * 0.1);
   |          ^
250|    const finalTotal = subtotalBeforeTax + tax;
251|  

[33mThe symbol "finalTotal" has already been declared[33m
248|      discount;
249|    const tax = Math.round(subtotalBeforeTax * 0.1);
250|    const finalTotal = subtotalBeforeTax + tax;
   |          ^
251|  
252|  
[31m
    at failureErrorWithLog (F:\Code\Work\HubSportWeb\frontend\node_modules\esbuild\lib\main.js:1472:15)
    at F:\Code\Work\HubSportWeb\frontend\node_modules\esbuild\lib\main.js:755:50
    at responseCallbacks.<computed> (F:\Code\Work\HubSportWeb\frontend\node_modules\esbuild\lib\main.js:622:9)
    at handleIncomingPacket (F:\Code\Work\HubSportWeb\frontend\node_modules\esbuild\lib\main.js:677:12)
    at Socket.readFromStdout (F:\Code\Work\HubSportWeb\frontend\node_modules\esbuild\lib\main.js:600:7)
    at Socket.emit (node:events:519:28)
    at addChunk (node:internal/streams/readable:561:12)
    at readableAddChunkPushByteMode (node:internal/streams/readable:512:3)
    at Readable.push (node:internal/streams/readable:392:5)
    at Pipe.onStreamRead (node:internal/stream_base_commons:189:23)[39m
